#! /usr/bin/vvp
:ivl_version "12.0 (stable)";
:ivl_delay_selection "TYPICAL";
:vpi_time_precision - 12;
:vpi_module "/usr/lib/x86_64-linux-gnu/ivl/system.vpi";
:vpi_module "/usr/lib/x86_64-linux-gnu/ivl/vhdl_sys.vpi";
:vpi_module "/usr/lib/x86_64-linux-gnu/ivl/vhdl_textio.vpi";
:vpi_module "/usr/lib/x86_64-linux-gnu/ivl/v2005_math.vpi";
:vpi_module "/usr/lib/x86_64-linux-gnu/ivl/va_math.vpi";
S_0x60514d89ba20 .scope module, "uart_tx_tb" "uart_tx_tb" 2 3;
 .timescale -9 -12;
v0x60514d8b4560_0 .var "clk", 0 0;
v0x60514d8b4620_0 .var "data_in", 7 0;
v0x60514d8b46f0_0 .var "rst", 0 0;
v0x60514d8b47f0_0 .net "tx", 0 0, v0x60514d8b4260_0;  1 drivers
v0x60514d8b48c0_0 .net "tx_busy", 0 0, v0x60514d8b4320_0;  1 drivers
v0x60514d8b4960_0 .var "tx_start", 0 0;
E_0x60514d895b70 .event anyedge, v0x60514d8b4320_0;
S_0x60514d89bbb0 .scope module, "dut" "uart_tx" 2 18, 3 1 0, S_0x60514d89ba20;
 .timescale 0 0;
    .port_info 0 /INPUT 1 "clk";
    .port_info 1 /INPUT 1 "rst";
    .port_info 2 /INPUT 1 "tx_start";
    .port_info 3 /INPUT 8 "data_in";
    .port_info 4 /OUTPUT 1 "tx";
    .port_info 5 /OUTPUT 1 "tx_busy";
P_0x60514d8864b0 .param/l "BAUD_DIV" 1 3 13, +C4<00000000000000000001010001011000>;
P_0x60514d8864f0 .param/l "BAUD_RATE" 0 3 3, +C4<00000000000000000010010110000000>;
P_0x60514d886530 .param/l "CLK_FREQ" 0 3 2, +C4<00000010111110101111000010000000>;
P_0x60514d886570 .param/l "DATA" 1 3 35, C4<10>;
P_0x60514d8865b0 .param/l "IDLE" 1 3 33, C4<00>;
P_0x60514d8865f0 .param/l "START" 1 3 34, C4<01>;
P_0x60514d886630 .param/l "STOP" 1 3 36, C4<11>;
v0x60514d886910_0 .var "baud_cnt", 15 0;
v0x60514d8b3c40_0 .var "baud_tick", 0 0;
v0x60514d8b3d00_0 .var "bit_index", 2 0;
v0x60514d8b3df0_0 .net "clk", 0 0, v0x60514d8b4560_0;  1 drivers
v0x60514d8b3eb0_0 .net "data_in", 7 0, v0x60514d8b4620_0;  1 drivers
v0x60514d8b3fe0_0 .net "rst", 0 0, v0x60514d8b46f0_0;  1 drivers
v0x60514d8b40a0_0 .var "shift_reg", 7 0;
v0x60514d8b4180_0 .var "state", 1 0;
v0x60514d8b4260_0 .var "tx", 0 0;
v0x60514d8b4320_0 .var "tx_busy", 0 0;
v0x60514d8b43e0_0 .net "tx_start", 0 0, v0x60514d8b4960_0;  1 drivers
E_0x60514d8937c0 .event posedge, v0x60514d8b3fe0_0, v0x60514d8b3df0_0;
    .scope S_0x60514d89bbb0;
T_0 ;
    %pushi/vec4 0, 0, 16;
    %store/vec4 v0x60514d886910_0, 0, 16;
    %pushi/vec4 0, 0, 1;
    %store/vec4 v0x60514d8b3c40_0, 0, 1;
    %pushi/vec4 0, 0, 2;
    %store/vec4 v0x60514d8b4180_0, 0, 2;
    %pushi/vec4 0, 0, 3;
    %store/vec4 v0x60514d8b3d00_0, 0, 3;
    %pushi/vec4 0, 0, 8;
    %store/vec4 v0x60514d8b40a0_0, 0, 8;
    %end;
    .thread T_0;
    .scope S_0x60514d89bbb0;
T_1 ;
    %wait E_0x60514d8937c0;
    %load/vec4 v0x60514d8b3fe0_0;
    %flag_set/vec4 8;
    %jmp/0xz  T_1.0, 8;
    %pushi/vec4 0, 0, 16;
    %assign/vec4 v0x60514d886910_0, 0;
    %pushi/vec4 0, 0, 1;
    %assign/vec4 v0x60514d8b3c40_0, 0;
    %jmp T_1.1;
T_1.0 ;
    %load/vec4 v0x60514d886910_0;
    %pad/u 32;
    %cmpi/e 5207, 0, 32;
    %jmp/0xz  T_1.2, 4;
    %pushi/vec4 0, 0, 16;
    %assign/vec4 v0x60514d886910_0, 0;
    %pushi/vec4 1, 0, 1;
    %assign/vec4 v0x60514d8b3c40_0, 0;
    %jmp T_1.3;
T_1.2 ;
    %load/vec4 v0x60514d886910_0;
    %addi 1, 0, 16;
    %assign/vec4 v0x60514d886910_0, 0;
    %pushi/vec4 0, 0, 1;
    %assign/vec4 v0x60514d8b3c40_0, 0;
T_1.3 ;
T_1.1 ;
    %jmp T_1;
    .thread T_1;
    .scope S_0x60514d89bbb0;
T_2 ;
    %wait E_0x60514d8937c0;
    %load/vec4 v0x60514d8b3fe0_0;
    %flag_set/vec4 8;
    %jmp/0xz  T_2.0, 8;
    %pushi/vec4 0, 0, 2;
    %assign/vec4 v0x60514d8b4180_0, 0;
    %pushi/vec4 1, 0, 1;
    %assign/vec4 v0x60514d8b4260_0, 0;
    %pushi/vec4 0, 0, 1;
    %assign/vec4 v0x60514d8b4320_0, 0;
    %pushi/vec4 0, 0, 3;
    %assign/vec4 v0x60514d8b3d00_0, 0;
    %jmp T_2.1;
T_2.0 ;
    %load/vec4 v0x60514d8b4180_0;
    %dup/vec4;
    %pushi/vec4 0, 0, 2;
    %cmp/u;
    %jmp/1 T_2.2, 6;
    %dup/vec4;
    %pushi/vec4 1, 0, 2;
    %cmp/u;
    %jmp/1 T_2.3, 6;
    %dup/vec4;
    %pushi/vec4 2, 0, 2;
    %cmp/u;
    %jmp/1 T_2.4, 6;
    %dup/vec4;
    %pushi/vec4 3, 0, 2;
    %cmp/u;
    %jmp/1 T_2.5, 6;
    %jmp T_2.6;
T_2.2 ;
    %pushi/vec4 1, 0, 1;
    %assign/vec4 v0x60514d8b4260_0, 0;
    %load/vec4 v0x60514d8b43e0_0;
    %flag_set/vec4 8;
    %jmp/0xz  T_2.7, 8;
    %load/vec4 v0x60514d8b3eb0_0;
    %assign/vec4 v0x60514d8b40a0_0, 0;
    %pushi/vec4 1, 0, 1;
    %assign/vec4 v0x60514d8b4320_0, 0;
    %pushi/vec4 1, 0, 2;
    %assign/vec4 v0x60514d8b4180_0, 0;
T_2.7 ;
    %jmp T_2.6;
T_2.3 ;
    %load/vec4 v0x60514d8b3c40_0;
    %flag_set/vec4 8;
    %jmp/0xz  T_2.9, 8;
    %pushi/vec4 0, 0, 1;
    %assign/vec4 v0x60514d8b4260_0, 0;
    %pushi/vec4 2, 0, 2;
    %assign/vec4 v0x60514d8b4180_0, 0;
    %pushi/vec4 0, 0, 3;
    %assign/vec4 v0x60514d8b3d00_0, 0;
T_2.9 ;
    %jmp T_2.6;
T_2.4 ;
    %load/vec4 v0x60514d8b3c40_0;
    %flag_set/vec4 8;
    %jmp/0xz  T_2.11, 8;
    %load/vec4 v0x60514d8b40a0_0;
    %load/vec4 v0x60514d8b3d00_0;
    %part/u 1;
    %assign/vec4 v0x60514d8b4260_0, 0;
    %load/vec4 v0x60514d8b3d00_0;
    %pad/u 32;
    %cmpi/e 7, 0, 32;
    %jmp/0xz  T_2.13, 4;
    %pushi/vec4 3, 0, 2;
    %assign/vec4 v0x60514d8b4180_0, 0;
    %jmp T_2.14;
T_2.13 ;
    %load/vec4 v0x60514d8b3d00_0;
    %addi 1, 0, 3;
    %assign/vec4 v0x60514d8b3d00_0, 0;
T_2.14 ;
T_2.11 ;
    %jmp T_2.6;
T_2.5 ;
    %load/vec4 v0x60514d8b3c40_0;
    %flag_set/vec4 8;
    %jmp/0xz  T_2.15, 8;
    %pushi/vec4 1, 0, 1;
    %assign/vec4 v0x60514d8b4260_0, 0;
    %pushi/vec4 0, 0, 1;
    %assign/vec4 v0x60514d8b4320_0, 0;
    %pushi/vec4 0, 0, 2;
    %assign/vec4 v0x60514d8b4180_0, 0;
T_2.15 ;
    %jmp T_2.6;
T_2.6 ;
    %pop/vec4 1;
T_2.1 ;
    %jmp T_2;
    .thread T_2;
    .scope S_0x60514d89ba20;
T_3 ;
    %pushi/vec4 0, 0, 1;
    %store/vec4 v0x60514d8b4560_0, 0, 1;
    %pushi/vec4 1, 0, 1;
    %store/vec4 v0x60514d8b46f0_0, 0, 1;
    %pushi/vec4 0, 0, 1;
    %store/vec4 v0x60514d8b4960_0, 0, 1;
    %pushi/vec4 0, 0, 8;
    %store/vec4 v0x60514d8b4620_0, 0, 8;
    %end;
    .thread T_3;
    .scope S_0x60514d89ba20;
T_4 ;
    %delay 10000, 0;
    %load/vec4 v0x60514d8b4560_0;
    %inv;
    %store/vec4 v0x60514d8b4560_0, 0, 1;
    %jmp T_4;
    .thread T_4;
    .scope S_0x60514d89ba20;
T_5 ;
    %vpi_call 2 28 "$dumpfile", "uart_tx.vcd" {0 0 0};
    %vpi_call 2 29 "$dumpvars", 32'sb00000000000000000000000000000000, S_0x60514d89ba20 {0 0 0};
    %pushi/vec4 1, 0, 1;
    %store/vec4 v0x60514d8b46f0_0, 0, 1;
    %delay 100000, 0;
    %pushi/vec4 0, 0, 1;
    %store/vec4 v0x60514d8b46f0_0, 0, 1;
    %delay 100000, 0;
    %pushi/vec4 65, 0, 8;
    %store/vec4 v0x60514d8b4620_0, 0, 8;
    %pushi/vec4 1, 0, 1;
    %store/vec4 v0x60514d8b4960_0, 0, 1;
    %delay 20000, 0;
    %pushi/vec4 0, 0, 1;
    %store/vec4 v0x60514d8b4960_0, 0, 1;
T_5.0 ;
    %load/vec4 v0x60514d8b48c0_0;
    %pad/u 32;
    %pushi/vec4 0, 0, 32;
    %cmp/e;
    %flag_get/vec4 4;
    %cmpi/ne 1, 0, 1;
    %jmp/0xz T_5.1, 6;
    %wait E_0x60514d895b70;
    %jmp T_5.0;
T_5.1 ;
    %delay 1000000, 0;
    %vpi_call 2 44 "$finish" {0 0 0};
    %end;
    .thread T_5;
# The file index is used to find the file name in the following table.
:file_names 4;
    "N/A";
    "<interactive>";
    "uart_tx_tb.v";
    "uart_tx.v";
